// Jest Snapshot v1, https://goo.gl/fbAQLP

exports[`ButtonUI should render correctly 1`] = `undefined`;
